// Jest Snapshot v1, https://goo.gl/fbAQLP

exports[`ServiceList snapshot test 1`] = `
<section
  className="service-list"
>
  <ul
    className="row"
  >
    <li
      className="col-2 service-icon passive"
      onClick={[Function]}
    >
      <figure>
        <img
          alt="service icon image"
          className="passive-image"
          src="https://toimitilat.elo.fi/-/media/toimitilat_elo_fi-kuvat/palveluikonit/64px/ke_k.ashx?h=75&amp;w=75&amp;la=fi-FI&amp;hash=CDBA18119596D6C82E72B3CC99A740C86724C9CE"
        />
        <img
          alt="service icon image when it's active"
          className="active-image"
          src="https://toimitilat.elo.fi/-/media/toimitilat_elo_fi-kuvat/palveluikonit/64px/ke_h.ashx?h=75&amp;w=75&amp;la=fi-FI&amp;hash=EEB4F350F70835B33356C8DBFE8F3AEC2298FB3A"
        />
        <figcaption>
          Keskustan palvelut
        </figcaption>
      </figure>
    </li>
    <li
      className="col-2 service-icon passive"
      onClick={[Function]}
    >
      <figure>
        <img
          alt="service icon image"
          className="passive-image"
          src="https://toimitilat.elo.fi/-/media/toimitilat_elo_fi-kuvat/palveluikonit/64px/ru_k.ashx?h=75&amp;w=75&amp;la=fi-FI&amp;hash=A02376C544198D14DA1184A844C89BC6BE4784B5"
        />
        <img
          alt="service icon image when it's active"
          className="active-image"
          src="https://toimitilat.elo.fi/-/media/toimitilat_elo_fi-kuvat/palveluikonit/64px/ru_h.ashx?h=75&amp;w=75&amp;la=fi-FI&amp;hash=864B9D73A68E47602E33316B1C8D45348133BC3B"
        />
        <figcaption>
          Lounas
        </figcaption>
      </figure>
    </li>
    <li
      className="col-2 service-icon passive"
      onClick={[Function]}
    >
      <figure>
        <img
          alt="service icon image"
          className="passive-image"
          src="https://toimitilat.elo.fi/-/media/toimitilat_elo_fi-kuvat/palveluikonit/64px/py_k.ashx?h=75&amp;w=75&amp;la=fi-FI&amp;hash=6AD90BEEED2F3589026C47358755359864821433"
        />
        <img
          alt="service icon image when it's active"
          className="active-image"
          src="https://toimitilat.elo.fi/-/media/toimitilat_elo_fi-kuvat/palveluikonit/64px/py_h.ashx?h=75&amp;w=75&amp;la=fi-FI&amp;hash=42286B5103DBDE784A111B6B6148237722F2F238"
        />
        <figcaption>
          Pysäköinti
        </figcaption>
      </figure>
    </li>
  </ul>
  <div
    className="description"
  >
    
  </div>
</section>
`;
